// Jest Snapshot v1, https://goo.gl/fbAQLP

exports[`Spacing style testing Should match snapshot 1`] = `
<DocumentFragment>
  <div
    class="sc-AxjAm jwvrSe"
  />
</DocumentFragment>
`;
