// Jest Snapshot v1, https://goo.gl/fbAQLP

exports[`Testing card image component Should match snapshot 1`] = `
<DocumentFragment>
  <div
    class="card"
    role="button"
    tabindex="0"
  >
    <div
      class="cardImage"
    >
       
      <img
        alt="#placeholder"
      />
       
    </div>
    <div
      class="cardTitle"
    >
      Category
    </div>
  </div>
</DocumentFragment>
`;
