// Jest Snapshot v1, https://goo.gl/fbAQLP

exports[`Testing input component Should match snapshot 1`] = `
<DocumentFragment>
  <div>
    <input
      class="FormInput u-block u-widthFull u-webkitScrollbar"
      required=""
      style="font-size: 0.9rem;"
    />
  </div>
</DocumentFragment>
`;
